Archive member included because of file (symbol)

/usr/lib/gcc/avr/4.7.2/avr5/libgcc.a(_exit.o)
                              /usr/lib/gcc/avr/4.7.2/../../../avr/lib/avr5/crtm328p.o (exit)
/usr/lib/gcc/avr/4.7.2/avr5/libgcc.a(_copy_data.o)
                              main.o (__do_copy_data)
/usr/lib/gcc/avr/4.7.2/avr5/libgcc.a(_clear_bss.o)
                              FreeRTOS/Source/tasks.o (__do_clear_bss)
/usr/lib/gcc/avr/4.7.2/../../../avr/lib/avr5/libc.a(memcpy.o)
                              FreeRTOS/Source/queue.o (memcpy)
/usr/lib/gcc/avr/4.7.2/../../../avr/lib/avr5/libc.a(iob.o)
                              main.o (__iob)
/usr/lib/gcc/avr/4.7.2/../../../avr/lib/avr5/libc.a(puts.o)
                              main.o (puts)

Allocating common symbols
Common symbol       size              file

__iob               0x6               /usr/lib/gcc/avr/4.7.2/../../../avr/lib/avr5/libc.a(iob.o)

Memory Configuration

Name             Origin             Length             Attributes
text             0x0000000000000000 0x0000000000020000 xr
data             0x0000000000800060 0x000000000000ffa0 rw !x
eeprom           0x0000000000810000 0x0000000000010000 rw !x
fuse             0x0000000000820000 0x0000000000000400 rw !x
lock             0x0000000000830000 0x0000000000000400 rw !x
signature        0x0000000000840000 0x0000000000000400 rw !x
*default*        0x0000000000000000 0xffffffffffffffff

Linker script and memory map

Address of section .data set to 0x800100
LOAD /usr/lib/gcc/avr/4.7.2/../../../avr/lib/avr5/crtm328p.o
LOAD main.o
LOAD FreeRTOS/Source/tasks.o
LOAD FreeRTOS/Source/queue.o
LOAD FreeRTOS/Source/list.o
LOAD FreeRTOS/Source/croutine.o
LOAD FreeRTOS/Source/portable/MemMang/heap_1.o
LOAD FreeRTOS/Source/portable/GCC/ATMega328/port.o
LOAD uart.o
LOAD /usr/lib/gcc/avr/4.7.2/avr5/libgcc.a
LOAD /usr/lib/gcc/avr/4.7.2/../../../avr/lib/avr5/libc.a
LOAD /usr/lib/gcc/avr/4.7.2/avr5/libgcc.a

.hash
 *(.hash)

.dynsym
 *(.dynsym)

.dynstr
 *(.dynstr)

.gnu.version
 *(.gnu.version)

.gnu.version_d
 *(.gnu.version_d)

.gnu.version_r
 *(.gnu.version_r)

.rel.init
 *(.rel.init)

.rela.init
 *(.rela.init)

.rel.text
 *(.rel.text)
 *(.rel.text.*)
 *(.rel.gnu.linkonce.t*)

.rela.text
 *(.rela.text)
 *(.rela.text.*)
 *(.rela.gnu.linkonce.t*)

.rel.fini
 *(.rel.fini)

.rela.fini
 *(.rela.fini)

.rel.rodata
 *(.rel.rodata)
 *(.rel.rodata.*)
 *(.rel.gnu.linkonce.r*)

.rela.rodata
 *(.rela.rodata)
 *(.rela.rodata.*)
 *(.rela.gnu.linkonce.r*)

.rel.data
 *(.rel.data)
 *(.rel.data.*)
 *(.rel.gnu.linkonce.d*)

.rela.data
 *(.rela.data)
 *(.rela.data.*)
 *(.rela.gnu.linkonce.d*)

.rel.ctors
 *(.rel.ctors)

.rela.ctors
 *(.rela.ctors)

.rel.dtors
 *(.rel.dtors)

.rela.dtors
 *(.rela.dtors)

.rel.got
 *(.rel.got)

.rela.got
 *(.rela.got)

.rel.bss
 *(.rel.bss)

.rela.bss
 *(.rela.bss)

.rel.plt
 *(.rel.plt)

.rela.plt
 *(.rela.plt)

.text           0x0000000000000000     0x204a
 *(.vectors)
 .vectors       0x0000000000000000       0x68 /usr/lib/gcc/avr/4.7.2/../../../avr/lib/avr5/crtm328p.o
                0x0000000000000000                __vectors
                0x0000000000000000                __vector_default
 *(.vectors)
 *(.progmem.gcc*)
 *(.progmem*)
                0x0000000000000068                . = ALIGN (0x2)
                0x0000000000000068                __trampolines_start = .
 *(.trampolines)
 .trampolines   0x0000000000000068        0x0 linker stubs
 *(.trampolines*)
                0x0000000000000068                __trampolines_end = .
 *(.jumptables)
 *(.jumptables*)
 *(.lowtext)
 *(.lowtext*)
                0x0000000000000068                __ctors_start = .
 *(.ctors)
                0x0000000000000068                __ctors_end = .
                0x0000000000000068                __dtors_start = .
 *(.dtors)
                0x0000000000000068                __dtors_end = .
 SORT(*)(.ctors)
 SORT(*)(.dtors)
 *(.init0)
 .init0         0x0000000000000068        0x0 /usr/lib/gcc/avr/4.7.2/../../../avr/lib/avr5/crtm328p.o
                0x0000000000000068                __init
 *(.init0)
 *(.init1)
 *(.init1)
 *(.init2)
 .init2         0x0000000000000068        0xc /usr/lib/gcc/avr/4.7.2/../../../avr/lib/avr5/crtm328p.o
 *(.init2)
 *(.init3)
 *(.init3)
 *(.init4)
 .init4         0x0000000000000074       0x16 /usr/lib/gcc/avr/4.7.2/avr5/libgcc.a(_copy_data.o)
                0x0000000000000074                __do_copy_data
 .init4         0x000000000000008a       0x10 /usr/lib/gcc/avr/4.7.2/avr5/libgcc.a(_clear_bss.o)
                0x000000000000008a                __do_clear_bss
 *(.init4)
 *(.init5)
 *(.init5)
 *(.init6)
 *(.init6)
 *(.init7)
 *(.init7)
 *(.init8)
 *(.init8)
 *(.init9)
 .init9         0x000000000000009a        0x8 /usr/lib/gcc/avr/4.7.2/../../../avr/lib/avr5/crtm328p.o
 *(.init9)
 *(.text)
 .text          0x00000000000000a2        0x4 /usr/lib/gcc/avr/4.7.2/../../../avr/lib/avr5/crtm328p.o
                0x00000000000000a2                __vector_22
                0x00000000000000a2                __vector_1
                0x00000000000000a2                __vector_24
                0x00000000000000a2                __vector_12
                0x00000000000000a2                __bad_interrupt
                0x00000000000000a2                __vector_6
                0x00000000000000a2                __vector_3
                0x00000000000000a2                __vector_23
                0x00000000000000a2                __vector_25
                0x00000000000000a2                __vector_13
                0x00000000000000a2                __vector_17
                0x00000000000000a2                __vector_19
                0x00000000000000a2                __vector_7
                0x00000000000000a2                __vector_5
                0x00000000000000a2                __vector_4
                0x00000000000000a2                __vector_9
                0x00000000000000a2                __vector_2
                0x00000000000000a2                __vector_21
                0x00000000000000a2                __vector_15
                0x00000000000000a2                __vector_8
                0x00000000000000a2                __vector_14
                0x00000000000000a2                __vector_10
                0x00000000000000a2                __vector_16
                0x00000000000000a2                __vector_18
                0x00000000000000a2                __vector_20
 .text          0x00000000000000a6       0x44 main.o
                0x00000000000000e8                vApplicationIdleHook
 .text          0x00000000000000ea      0xe0e FreeRTOS/Source/tasks.o
                0x0000000000000188                xTaskGenericCreate
                0x0000000000000386                vTaskDelete
                0x0000000000000416                vTaskStartScheduler
                0x000000000000047a                vTaskEndScheduler
                0x0000000000000484                vTaskSuspendAll
                0x0000000000000490                xTaskGetTickCount
                0x00000000000004a6                xTaskGetTickCountFromISR
                0x00000000000004b2                uxTaskGetNumberOfTasks
                0x00000000000004b8                xTaskIncrementTick
                0x000000000000061c                xTaskResumeAll
                0x000000000000076c                vTaskDelay
                0x00000000000007b6                vTaskDelayUntil
                0x000000000000082c                vTaskSwitchContext
                0x00000000000008ac                vTaskPlaceOnEventList
                0x00000000000008e4                vTaskPlaceOnUnorderedEventList
                0x000000000000092a                xTaskRemoveFromEventList
                0x00000000000009ac                xTaskRemoveFromUnorderedEventList
                0x0000000000000a14                vTaskSetTimeOutState
                0x0000000000000a2a                xTaskCheckForTimeOut
                0x0000000000000a82                vTaskMissedYield
                0x0000000000000a8a                uxTaskResetEventItemValue
                0x0000000000000ab8                ulTaskNotifyTake
                0x0000000000000b7e                xTaskNotifyWait
                0x0000000000000cc4                xTaskNotify
                0x0000000000000d82                xTaskNotifyFromISR
                0x0000000000000e5a                vTaskNotifyGiveFromISR
 .text          0x0000000000000ef8      0x7da FreeRTOS/Source/queue.o
                0x000000000000103c                xQueueGenericReset
                0x00000000000010ba                xQueueGenericCreate
                0x000000000000112a                xQueueGenericSend
                0x0000000000001260                xQueueGenericSendFromISR
                0x00000000000012be                xQueueGiveFromISR
                0x000000000000130a                xQueueGenericReceive
                0x0000000000001452                xQueueReceiveFromISR
                0x00000000000014ae                xQueuePeekFromISR
                0x00000000000014dc                uxQueueMessagesWaiting
                0x00000000000014ec                uxQueueSpacesAvailable
                0x0000000000001502                uxQueueMessagesWaitingFromISR
                0x0000000000001508                vQueueDelete
                0x000000000000150c                xQueueIsQueueEmptyFromISR
                0x0000000000001518                xQueueIsQueueFullFromISR
                0x0000000000001526                xQueueCRSend
                0x0000000000001592                xQueueCRReceive
                0x000000000000161e                xQueueCRSendFromISR
                0x000000000000165c                xQueueCRReceiveFromISR
 .text          0x00000000000016d2      0x11c FreeRTOS/Source/list.o
                0x00000000000016d2                vListInitialise
                0x00000000000016ee                vListInitialiseItem
                0x00000000000016f6                vListInsertEnd
                0x0000000000001738                vListInsert
                0x00000000000017a8                uxListRemove
 .text          0x00000000000017ee      0x378 FreeRTOS/Source/croutine.o
                0x00000000000017ee                xCoRoutineCreate
                0x00000000000018d6                vCoRoutineAddToDelayedList
                0x000000000000195a                vCoRoutineSchedule
                0x0000000000001b1c                xCoRoutineRemoveFromEventList
 .text          0x0000000000001b66       0x84 FreeRTOS/Source/portable/MemMang/heap_1.o
                0x0000000000001b66                pvPortMalloc
                0x0000000000001bca                vPortFree
                0x0000000000001bcc                vPortInitialiseBlocks
                0x0000000000001bd6                xPortGetFreeHeapSize
 .text          0x0000000000001bea      0x318 FreeRTOS/Source/portable/GCC/ATMega328/port.o
                0x0000000000001bea                pxPortInitialiseStack
                0x0000000000001d10                xPortStartScheduler
                0x0000000000001d90                vPortEndScheduler
                0x0000000000001d92                vPortYield
                0x0000000000001e44                vPortYieldFromTick
                0x0000000000001efc                __vector_11
 .text          0x0000000000001f02       0x4e uart.o
                0x0000000000001f02                uart_init
                0x0000000000001f24                uart_putchar
                0x0000000000001f42                uart_getchar
 .text          0x0000000000001f50        0x0 /usr/lib/gcc/avr/4.7.2/avr5/libgcc.a(_exit.o)
 .text          0x0000000000001f50        0x0 /usr/lib/gcc/avr/4.7.2/avr5/libgcc.a(_copy_data.o)
 .text          0x0000000000001f50        0x0 /usr/lib/gcc/avr/4.7.2/avr5/libgcc.a(_clear_bss.o)
 .text          0x0000000000001f50        0x0 /usr/lib/gcc/avr/4.7.2/../../../avr/lib/avr5/libc.a(memcpy.o)
 .text          0x0000000000001f50        0x0 /usr/lib/gcc/avr/4.7.2/../../../avr/lib/avr5/libc.a(iob.o)
 .text          0x0000000000001f50        0x0 /usr/lib/gcc/avr/4.7.2/../../../avr/lib/avr5/libc.a(puts.o)
                0x0000000000001f50                . = ALIGN (0x2)
 *(.text.*)
 .text.startup  0x0000000000001f50       0x86 main.o
                0x0000000000001f50                main
 .text.libgcc.mul
                0x0000000000001fd6        0x0 /usr/lib/gcc/avr/4.7.2/avr5/libgcc.a(_exit.o)
 .text.libgcc.div
                0x0000000000001fd6        0x0 /usr/lib/gcc/avr/4.7.2/avr5/libgcc.a(_exit.o)
 .text.libgcc   0x0000000000001fd6        0x0 /usr/lib/gcc/avr/4.7.2/avr5/libgcc.a(_exit.o)
 .text.libgcc.prologue
                0x0000000000001fd6        0x0 /usr/lib/gcc/avr/4.7.2/avr5/libgcc.a(_exit.o)
 .text.libgcc.builtins
                0x0000000000001fd6        0x0 /usr/lib/gcc/avr/4.7.2/avr5/libgcc.a(_exit.o)
 .text.libgcc.fmul
                0x0000000000001fd6        0x0 /usr/lib/gcc/avr/4.7.2/avr5/libgcc.a(_exit.o)
 .text.libgcc.mul
                0x0000000000001fd6        0x0 /usr/lib/gcc/avr/4.7.2/avr5/libgcc.a(_copy_data.o)
 .text.libgcc.div
                0x0000000000001fd6        0x0 /usr/lib/gcc/avr/4.7.2/avr5/libgcc.a(_copy_data.o)
 .text.libgcc   0x0000000000001fd6        0x0 /usr/lib/gcc/avr/4.7.2/avr5/libgcc.a(_copy_data.o)
 .text.libgcc.prologue
                0x0000000000001fd6        0x0 /usr/lib/gcc/avr/4.7.2/avr5/libgcc.a(_copy_data.o)
 .text.libgcc.builtins
                0x0000000000001fd6        0x0 /usr/lib/gcc/avr/4.7.2/avr5/libgcc.a(_copy_data.o)
 .text.libgcc.fmul
                0x0000000000001fd6        0x0 /usr/lib/gcc/avr/4.7.2/avr5/libgcc.a(_copy_data.o)
 .text.libgcc.mul
                0x0000000000001fd6        0x0 /usr/lib/gcc/avr/4.7.2/avr5/libgcc.a(_clear_bss.o)
 .text.libgcc.div
                0x0000000000001fd6        0x0 /usr/lib/gcc/avr/4.7.2/avr5/libgcc.a(_clear_bss.o)
 .text.libgcc   0x0000000000001fd6        0x0 /usr/lib/gcc/avr/4.7.2/avr5/libgcc.a(_clear_bss.o)
 .text.libgcc.prologue
                0x0000000000001fd6        0x0 /usr/lib/gcc/avr/4.7.2/avr5/libgcc.a(_clear_bss.o)
 .text.libgcc.builtins
                0x0000000000001fd6        0x0 /usr/lib/gcc/avr/4.7.2/avr5/libgcc.a(_clear_bss.o)
 .text.libgcc.fmul
                0x0000000000001fd6        0x0 /usr/lib/gcc/avr/4.7.2/avr5/libgcc.a(_clear_bss.o)
 .text.avr-libc
                0x0000000000001fd6       0x12 /usr/lib/gcc/avr/4.7.2/../../../avr/lib/avr5/libc.a(memcpy.o)
                0x0000000000001fd6                memcpy
 .text.avr-libc
                0x0000000000001fe8       0x5e /usr/lib/gcc/avr/4.7.2/../../../avr/lib/avr5/libc.a(puts.o)
                0x0000000000001fe8                puts
                0x0000000000002046                . = ALIGN (0x2)
 *(.fini9)
 .fini9         0x0000000000002046        0x0 /usr/lib/gcc/avr/4.7.2/avr5/libgcc.a(_exit.o)
                0x0000000000002046                exit
                0x0000000000002046                _exit
 *(.fini9)
 *(.fini8)
 *(.fini8)
 *(.fini7)
 *(.fini7)
 *(.fini6)
 *(.fini6)
 *(.fini5)
 *(.fini5)
 *(.fini4)
 *(.fini4)
 *(.fini3)
 *(.fini3)
 *(.fini2)
 *(.fini2)
 *(.fini1)
 *(.fini1)
 *(.fini0)
 .fini0         0x0000000000002046        0x4 /usr/lib/gcc/avr/4.7.2/avr5/libgcc.a(_exit.o)
 *(.fini0)
                0x000000000000204a                _etext = .

.data           0x0000000000800100       0x36 load address 0x000000000000204a
                0x0000000000800100                PROVIDE (__data_start, .)
 *(.data)
 .data          0x0000000000800100        0x0 /usr/lib/gcc/avr/4.7.2/../../../avr/lib/avr5/crtm328p.o
 .data          0x0000000000800100       0x1c main.o
                0x0000000000800100                uart_input
                0x000000000080010e                uart_output
 .data          0x000000000080011c        0x2 FreeRTOS/Source/tasks.o
 .data          0x000000000080011e        0x0 FreeRTOS/Source/queue.o
 .data          0x000000000080011e        0x0 FreeRTOS/Source/list.o
 .data          0x000000000080011e        0x0 FreeRTOS/Source/croutine.o
 .data          0x000000000080011e        0x0 FreeRTOS/Source/portable/MemMang/heap_1.o
 .data          0x000000000080011e        0x0 FreeRTOS/Source/portable/GCC/ATMega328/port.o
 .data          0x000000000080011e        0x0 uart.o
 .data          0x000000000080011e        0x0 /usr/lib/gcc/avr/4.7.2/avr5/libgcc.a(_exit.o)
 .data          0x000000000080011e        0x0 /usr/lib/gcc/avr/4.7.2/avr5/libgcc.a(_copy_data.o)
 .data          0x000000000080011e        0x0 /usr/lib/gcc/avr/4.7.2/avr5/libgcc.a(_clear_bss.o)
 .data          0x000000000080011e        0x0 /usr/lib/gcc/avr/4.7.2/../../../avr/lib/avr5/libc.a(memcpy.o)
 .data          0x000000000080011e        0x0 /usr/lib/gcc/avr/4.7.2/../../../avr/lib/avr5/libc.a(iob.o)
 .data          0x000000000080011e        0x0 /usr/lib/gcc/avr/4.7.2/../../../avr/lib/avr5/libc.a(puts.o)
 *(.data*)
 *(.rodata)
 *(.rodata*)
 .rodata.str1.1
                0x000000000080011e       0x13 main.o
 .rodata.str1.1
                0x0000000000800131        0x5 FreeRTOS/Source/tasks.o
 *(.gnu.linkonce.d*)
                0x0000000000800136                . = ALIGN (0x2)
                0x0000000000800136                _edata = .
                0x0000000000800136                PROVIDE (__data_end, .)

.bss            0x0000000000800136      0x679
                0x0000000000800136                PROVIDE (__bss_start, .)
 *(.bss)
 .bss           0x0000000000800136        0x0 /usr/lib/gcc/avr/4.7.2/../../../avr/lib/avr5/crtm328p.o
 .bss           0x0000000000800136        0x0 main.o
 .bss           0x0000000000800136       0x59 FreeRTOS/Source/tasks.o
                0x0000000000800136                pxCurrentTCB
 .bss           0x000000000080018f        0x0 FreeRTOS/Source/queue.o
 .bss           0x000000000080018f        0x0 FreeRTOS/Source/list.o
 .bss           0x000000000080018f       0x3a FreeRTOS/Source/croutine.o
                0x000000000080018f                pxCurrentCoRoutine
 .bss           0x00000000008001c9      0x5e0 FreeRTOS/Source/portable/MemMang/heap_1.o
 .bss           0x00000000008007a9        0x0 FreeRTOS/Source/portable/GCC/ATMega328/port.o
 .bss           0x00000000008007a9        0x0 uart.o
 .bss           0x00000000008007a9        0x0 /usr/lib/gcc/avr/4.7.2/avr5/libgcc.a(_exit.o)
 .bss           0x00000000008007a9        0x0 /usr/lib/gcc/avr/4.7.2/avr5/libgcc.a(_copy_data.o)
 .bss           0x00000000008007a9        0x0 /usr/lib/gcc/avr/4.7.2/avr5/libgcc.a(_clear_bss.o)
 .bss           0x00000000008007a9        0x0 /usr/lib/gcc/avr/4.7.2/../../../avr/lib/avr5/libc.a(memcpy.o)
 .bss           0x00000000008007a9        0x0 /usr/lib/gcc/avr/4.7.2/../../../avr/lib/avr5/libc.a(iob.o)
 .bss           0x00000000008007a9        0x0 /usr/lib/gcc/avr/4.7.2/../../../avr/lib/avr5/libc.a(puts.o)
 *(.bss*)
 *(COMMON)
 COMMON         0x00000000008007a9        0x6 /usr/lib/gcc/avr/4.7.2/../../../avr/lib/avr5/libc.a(iob.o)
                0x00000000008007a9                __iob
                0x00000000008007af                PROVIDE (__bss_end, .)
                0x000000000000204a                __data_load_start = LOADADDR (.data)
                0x0000000000002080                __data_load_end = (__data_load_start + SIZEOF (.data))

.noinit         0x00000000008007af        0x0
                0x00000000008007af                PROVIDE (__noinit_start, .)
 *(.noinit*)
                0x00000000008007af                PROVIDE (__noinit_end, .)
                0x00000000008007af                _end = .
                0x00000000008007af                PROVIDE (__heap_start, .)

.eeprom         0x0000000000810000        0x0
 *(.eeprom*)
                0x0000000000810000                __eeprom_end = .

.fuse
 *(.fuse)
 *(.lfuse)
 *(.hfuse)
 *(.efuse)

.lock
 *(.lock*)

.signature
 *(.signature*)

.stab           0x0000000000000000     0x66e4
 *(.stab)
 .stab          0x0000000000000000      0x6cc /usr/lib/gcc/avr/4.7.2/../../../avr/lib/avr5/crtm328p.o
 .stab          0x00000000000006cc      0x780 main.o
                                        0x78c (size before relaxing)
 .stab          0x0000000000000e4c     0x2100 FreeRTOS/Source/tasks.o
                                       0x2460 (size before relaxing)
 .stab          0x0000000000002f4c     0x1830 FreeRTOS/Source/queue.o
                                       0x1c20 (size before relaxing)
 .stab          0x000000000000477c      0x528 FreeRTOS/Source/list.o
                                        0x84c (size before relaxing)
 .stab          0x0000000000004ca4      0x7f8 FreeRTOS/Source/croutine.o
                                        0xbe8 (size before relaxing)
 .stab          0x000000000000549c      0x39c FreeRTOS/Source/portable/MemMang/heap_1.o
                                        0x78c (size before relaxing)
 .stab          0x0000000000005838      0x630 FreeRTOS/Source/portable/GCC/ATMega328/port.o
                                        0xa14 (size before relaxing)
 .stab          0x0000000000005e68      0x2f4 uart.o
                                        0x4e0 (size before relaxing)
 .stab          0x000000000000615c       0x84 /usr/lib/gcc/avr/4.7.2/../../../avr/lib/avr5/libc.a(memcpy.o)
                                         0x90 (size before relaxing)
 .stab          0x00000000000061e0      0x300 /usr/lib/gcc/avr/4.7.2/../../../avr/lib/avr5/libc.a(iob.o)
                                        0x30c (size before relaxing)
 .stab          0x00000000000064e0      0x204 /usr/lib/gcc/avr/4.7.2/../../../avr/lib/avr5/libc.a(puts.o)
                                        0x3e4 (size before relaxing)

.stabstr        0x0000000000000000     0x36ea
 *(.stabstr)
 .stabstr       0x0000000000000000     0x36ea /usr/lib/gcc/avr/4.7.2/../../../avr/lib/avr5/crtm328p.o

.stab.excl
 *(.stab.excl)

.stab.exclstr
 *(.stab.exclstr)

.stab.index
 *(.stab.index)

.stab.indexstr
 *(.stab.indexstr)

.comment        0x0000000000000000       0x22
 *(.comment)
 .comment       0x0000000000000000       0x11 main.o
                                         0x12 (size before relaxing)
 .comment       0x0000000000000000       0x12 FreeRTOS/Source/tasks.o
 .comment       0x0000000000000000       0x12 FreeRTOS/Source/queue.o
 .comment       0x0000000000000000       0x12 FreeRTOS/Source/list.o
 .comment       0x0000000000000000       0x12 FreeRTOS/Source/croutine.o
 .comment       0x0000000000000000       0x12 FreeRTOS/Source/portable/MemMang/heap_1.o
 .comment       0x0000000000000000       0x12 FreeRTOS/Source/portable/GCC/ATMega328/port.o
 .comment       0x0000000000000000       0x12 uart.o
 .comment       0x0000000000000011       0x11 /usr/lib/gcc/avr/4.7.2/../../../avr/lib/avr5/libc.a(iob.o)
                                         0x12 (size before relaxing)
 .comment       0x0000000000000000       0x12 /usr/lib/gcc/avr/4.7.2/../../../avr/lib/avr5/libc.a(puts.o)

.debug
 *(.debug)

.line
 *(.line)

.debug_srcinfo
 *(.debug_srcinfo)

.debug_sfnames
 *(.debug_sfnames)

.debug_aranges
 *(.debug_aranges)

.debug_pubnames
 *(.debug_pubnames)

.debug_info
 *(.debug_info)
 *(.gnu.linkonce.wi.*)

.debug_abbrev
 *(.debug_abbrev)

.debug_line
 *(.debug_line)

.debug_frame
 *(.debug_frame)

.debug_str
 *(.debug_str)

.debug_loc
 *(.debug_loc)

.debug_macinfo
 *(.debug_macinfo)
OUTPUT(freertos.elf elf32-avr)
LOAD linker stubs

Cross Reference Table

Symbol                                            File
__bad_interrupt                                   /usr/lib/gcc/avr/4.7.2/../../../avr/lib/avr5/crtm328p.o
__bss_end                                         /usr/lib/gcc/avr/4.7.2/avr5/libgcc.a(_clear_bss.o)
__bss_start                                       /usr/lib/gcc/avr/4.7.2/avr5/libgcc.a(_clear_bss.o)
__data_end                                        /usr/lib/gcc/avr/4.7.2/avr5/libgcc.a(_copy_data.o)
__data_load_start                                 /usr/lib/gcc/avr/4.7.2/avr5/libgcc.a(_copy_data.o)
__data_start                                      /usr/lib/gcc/avr/4.7.2/avr5/libgcc.a(_copy_data.o)
__do_clear_bss                                    /usr/lib/gcc/avr/4.7.2/avr5/libgcc.a(_clear_bss.o)
                                                  /usr/lib/gcc/avr/4.7.2/../../../avr/lib/avr5/libc.a(iob.o)
                                                  FreeRTOS/Source/portable/MemMang/heap_1.o
                                                  FreeRTOS/Source/croutine.o
                                                  FreeRTOS/Source/tasks.o
__do_copy_data                                    /usr/lib/gcc/avr/4.7.2/avr5/libgcc.a(_copy_data.o)
                                                  FreeRTOS/Source/tasks.o
                                                  main.o
__heap_end                                        /usr/lib/gcc/avr/4.7.2/../../../avr/lib/avr5/crtm328p.o
__init                                            /usr/lib/gcc/avr/4.7.2/../../../avr/lib/avr5/crtm328p.o
__iob                                             /usr/lib/gcc/avr/4.7.2/../../../avr/lib/avr5/libc.a(puts.o)
                                                  /usr/lib/gcc/avr/4.7.2/../../../avr/lib/avr5/libc.a(iob.o)
                                                  main.o
__stack                                           /usr/lib/gcc/avr/4.7.2/../../../avr/lib/avr5/crtm328p.o
__vector_1                                        /usr/lib/gcc/avr/4.7.2/../../../avr/lib/avr5/crtm328p.o
__vector_10                                       /usr/lib/gcc/avr/4.7.2/../../../avr/lib/avr5/crtm328p.o
__vector_11                                       FreeRTOS/Source/portable/GCC/ATMega328/port.o
                                                  /usr/lib/gcc/avr/4.7.2/../../../avr/lib/avr5/crtm328p.o
__vector_12                                       /usr/lib/gcc/avr/4.7.2/../../../avr/lib/avr5/crtm328p.o
__vector_13                                       /usr/lib/gcc/avr/4.7.2/../../../avr/lib/avr5/crtm328p.o
__vector_14                                       /usr/lib/gcc/avr/4.7.2/../../../avr/lib/avr5/crtm328p.o
__vector_15                                       /usr/lib/gcc/avr/4.7.2/../../../avr/lib/avr5/crtm328p.o
__vector_16                                       /usr/lib/gcc/avr/4.7.2/../../../avr/lib/avr5/crtm328p.o
__vector_17                                       /usr/lib/gcc/avr/4.7.2/../../../avr/lib/avr5/crtm328p.o
__vector_18                                       /usr/lib/gcc/avr/4.7.2/../../../avr/lib/avr5/crtm328p.o
__vector_19                                       /usr/lib/gcc/avr/4.7.2/../../../avr/lib/avr5/crtm328p.o
__vector_2                                        /usr/lib/gcc/avr/4.7.2/../../../avr/lib/avr5/crtm328p.o
__vector_20                                       /usr/lib/gcc/avr/4.7.2/../../../avr/lib/avr5/crtm328p.o
__vector_21                                       /usr/lib/gcc/avr/4.7.2/../../../avr/lib/avr5/crtm328p.o
__vector_22                                       /usr/lib/gcc/avr/4.7.2/../../../avr/lib/avr5/crtm328p.o
__vector_23                                       /usr/lib/gcc/avr/4.7.2/../../../avr/lib/avr5/crtm328p.o
__vector_24                                       /usr/lib/gcc/avr/4.7.2/../../../avr/lib/avr5/crtm328p.o
__vector_25                                       /usr/lib/gcc/avr/4.7.2/../../../avr/lib/avr5/crtm328p.o
__vector_3                                        /usr/lib/gcc/avr/4.7.2/../../../avr/lib/avr5/crtm328p.o
__vector_4                                        /usr/lib/gcc/avr/4.7.2/../../../avr/lib/avr5/crtm328p.o
__vector_5                                        /usr/lib/gcc/avr/4.7.2/../../../avr/lib/avr5/crtm328p.o
__vector_6                                        /usr/lib/gcc/avr/4.7.2/../../../avr/lib/avr5/crtm328p.o
__vector_7                                        /usr/lib/gcc/avr/4.7.2/../../../avr/lib/avr5/crtm328p.o
__vector_8                                        /usr/lib/gcc/avr/4.7.2/../../../avr/lib/avr5/crtm328p.o
__vector_9                                        /usr/lib/gcc/avr/4.7.2/../../../avr/lib/avr5/crtm328p.o
__vector_default                                  /usr/lib/gcc/avr/4.7.2/../../../avr/lib/avr5/crtm328p.o
__vectors                                         /usr/lib/gcc/avr/4.7.2/../../../avr/lib/avr5/crtm328p.o
_exit                                             /usr/lib/gcc/avr/4.7.2/avr5/libgcc.a(_exit.o)
exit                                              /usr/lib/gcc/avr/4.7.2/avr5/libgcc.a(_exit.o)
                                                  /usr/lib/gcc/avr/4.7.2/../../../avr/lib/avr5/crtm328p.o
main                                              main.o
                                                  /usr/lib/gcc/avr/4.7.2/../../../avr/lib/avr5/crtm328p.o
memcpy                                            /usr/lib/gcc/avr/4.7.2/../../../avr/lib/avr5/libc.a(memcpy.o)
                                                  FreeRTOS/Source/queue.o
puts                                              /usr/lib/gcc/avr/4.7.2/../../../avr/lib/avr5/libc.a(puts.o)
                                                  main.o
pvPortMalloc                                      FreeRTOS/Source/portable/MemMang/heap_1.o
                                                  FreeRTOS/Source/croutine.o
                                                  FreeRTOS/Source/queue.o
                                                  FreeRTOS/Source/tasks.o
pxCurrentCoRoutine                                FreeRTOS/Source/croutine.o
pxCurrentTCB                                      FreeRTOS/Source/tasks.o
                                                  FreeRTOS/Source/portable/GCC/ATMega328/port.o
pxPortInitialiseStack                             FreeRTOS/Source/portable/GCC/ATMega328/port.o
                                                  FreeRTOS/Source/tasks.o
uart_getchar                                      uart.o
                                                  main.o
uart_init                                         uart.o
                                                  main.o
uart_input                                        main.o
uart_output                                       main.o
uart_putchar                                      uart.o
                                                  main.o
ulTaskNotifyTake                                  FreeRTOS/Source/tasks.o
uxListRemove                                      FreeRTOS/Source/list.o
                                                  FreeRTOS/Source/croutine.o
                                                  FreeRTOS/Source/tasks.o
uxQueueMessagesWaiting                            FreeRTOS/Source/queue.o
uxQueueMessagesWaitingFromISR                     FreeRTOS/Source/queue.o
uxQueueSpacesAvailable                            FreeRTOS/Source/queue.o
uxTaskGetNumberOfTasks                            FreeRTOS/Source/tasks.o
uxTaskResetEventItemValue                         FreeRTOS/Source/tasks.o
vApplicationIdleHook                              main.o
                                                  FreeRTOS/Source/tasks.o
vCoRoutineAddToDelayedList                        FreeRTOS/Source/croutine.o
                                                  FreeRTOS/Source/queue.o
vCoRoutineSchedule                                FreeRTOS/Source/croutine.o
vListInitialise                                   FreeRTOS/Source/list.o
                                                  FreeRTOS/Source/croutine.o
                                                  FreeRTOS/Source/queue.o
                                                  FreeRTOS/Source/tasks.o
vListInitialiseItem                               FreeRTOS/Source/list.o
                                                  FreeRTOS/Source/croutine.o
                                                  FreeRTOS/Source/tasks.o
vListInsert                                       FreeRTOS/Source/list.o
                                                  FreeRTOS/Source/croutine.o
                                                  FreeRTOS/Source/tasks.o
vListInsertEnd                                    FreeRTOS/Source/list.o
                                                  FreeRTOS/Source/croutine.o
                                                  FreeRTOS/Source/tasks.o
vPortEndScheduler                                 FreeRTOS/Source/portable/GCC/ATMega328/port.o
                                                  FreeRTOS/Source/tasks.o
vPortFree                                         FreeRTOS/Source/portable/MemMang/heap_1.o
                                                  FreeRTOS/Source/queue.o
                                                  FreeRTOS/Source/tasks.o
vPortInitialiseBlocks                             FreeRTOS/Source/portable/MemMang/heap_1.o
vPortYield                                        FreeRTOS/Source/portable/GCC/ATMega328/port.o
                                                  FreeRTOS/Source/queue.o
                                                  FreeRTOS/Source/tasks.o
vPortYieldFromTick                                FreeRTOS/Source/portable/GCC/ATMega328/port.o
vQueueDelete                                      FreeRTOS/Source/queue.o
vTaskDelay                                        FreeRTOS/Source/tasks.o
                                                  main.o
vTaskDelayUntil                                   FreeRTOS/Source/tasks.o
vTaskDelete                                       FreeRTOS/Source/tasks.o
vTaskEndScheduler                                 FreeRTOS/Source/tasks.o
vTaskMissedYield                                  FreeRTOS/Source/tasks.o
                                                  FreeRTOS/Source/queue.o
vTaskNotifyGiveFromISR                            FreeRTOS/Source/tasks.o
vTaskPlaceOnEventList                             FreeRTOS/Source/tasks.o
                                                  FreeRTOS/Source/queue.o
vTaskPlaceOnUnorderedEventList                    FreeRTOS/Source/tasks.o
vTaskSetTimeOutState                              FreeRTOS/Source/tasks.o
                                                  FreeRTOS/Source/queue.o
vTaskStartScheduler                               FreeRTOS/Source/tasks.o
                                                  main.o
vTaskSuspendAll                                   FreeRTOS/Source/tasks.o
                                                  FreeRTOS/Source/portable/MemMang/heap_1.o
                                                  FreeRTOS/Source/queue.o
vTaskSwitchContext                                FreeRTOS/Source/tasks.o
                                                  FreeRTOS/Source/portable/GCC/ATMega328/port.o
xCoRoutineCreate                                  FreeRTOS/Source/croutine.o
xCoRoutineRemoveFromEventList                     FreeRTOS/Source/croutine.o
                                                  FreeRTOS/Source/queue.o
xPortGetFreeHeapSize                              FreeRTOS/Source/portable/MemMang/heap_1.o
xPortStartScheduler                               FreeRTOS/Source/portable/GCC/ATMega328/port.o
                                                  FreeRTOS/Source/tasks.o
xQueueCRReceive                                   FreeRTOS/Source/queue.o
xQueueCRReceiveFromISR                            FreeRTOS/Source/queue.o
xQueueCRSend                                      FreeRTOS/Source/queue.o
xQueueCRSendFromISR                               FreeRTOS/Source/queue.o
xQueueGenericCreate                               FreeRTOS/Source/queue.o
xQueueGenericReceive                              FreeRTOS/Source/queue.o
xQueueGenericReset                                FreeRTOS/Source/queue.o
xQueueGenericSend                                 FreeRTOS/Source/queue.o
xQueueGenericSendFromISR                          FreeRTOS/Source/queue.o
xQueueGiveFromISR                                 FreeRTOS/Source/queue.o
xQueueIsQueueEmptyFromISR                         FreeRTOS/Source/queue.o
xQueueIsQueueFullFromISR                          FreeRTOS/Source/queue.o
xQueuePeekFromISR                                 FreeRTOS/Source/queue.o
xQueueReceiveFromISR                              FreeRTOS/Source/queue.o
xTaskCheckForTimeOut                              FreeRTOS/Source/tasks.o
                                                  FreeRTOS/Source/queue.o
xTaskGenericCreate                                FreeRTOS/Source/tasks.o
                                                  main.o
xTaskGetTickCount                                 FreeRTOS/Source/tasks.o
                                                  FreeRTOS/Source/croutine.o
xTaskGetTickCountFromISR                          FreeRTOS/Source/tasks.o
xTaskIncrementTick                                FreeRTOS/Source/tasks.o
                                                  FreeRTOS/Source/portable/GCC/ATMega328/port.o
xTaskNotify                                       FreeRTOS/Source/tasks.o
xTaskNotifyFromISR                                FreeRTOS/Source/tasks.o
xTaskNotifyWait                                   FreeRTOS/Source/tasks.o
xTaskRemoveFromEventList                          FreeRTOS/Source/tasks.o
                                                  FreeRTOS/Source/queue.o
xTaskRemoveFromUnorderedEventList                 FreeRTOS/Source/tasks.o
xTaskResumeAll                                    FreeRTOS/Source/tasks.o
                                                  FreeRTOS/Source/portable/MemMang/heap_1.o
                                                  FreeRTOS/Source/queue.o
